com\ILPex\service\ProfileService.class
com\ILPex\entity\Results.class
com\ILPex\DTO\CourseDailyReportDTO.class
com\ILPex\DTO\UserDTO.class
com\ILPex\repository\UserContentAccessRepository.class
com\ILPex\service\Impl\AssessmentsServiceImpl.class
com\ILPex\repository\PercipioAssessmentRepository.class
com\ILPex\config\ApiConfig.class
com\ILPex\DTO\TotalCourseDurationDTO.class
com\ILPex\service\TraineeService.class
com\ILPex\DTO\DayNumberWithDateDTO.class
com\ILPex\controller\AssessmentController1.class
com\ILPex\controller\TraineeDurationController.class
com\ILPex\entity\DailyReports.class
com\ILPex\DTO\CourseProgressDTO.class
com\ILPex\service\Impl\PercipioApiServiceImpl.class
com\ILPex\controller\PercipioController.class
com\ILPex\DTO\TraineeCourseDurationDTO.class
com\ILPex\DTO\TraineeAssessmentDisplayDTO.class
com\ILPex\service\Impl\UserServiceImpl.class
com\ILPex\controller\UserController.class
com\ILPex\service\AssessmentService.class
com\ILPex\entity\Users.class
com\ILPex\entity\NotificationsProgress.class
com\ILPex\entity\NotificationsProgress$NotificationStatus.class
com\ILPex\DTO\TraineePendingAssessmentDTO.class
com\ILPex\constants\Message.class
com\ILPex\service\TraineeDurationService.class
com\ILPex\DTO\CourseDayBatchDTO.class
com\ILPex\DTO\PendingSubmissionDTO.class
com\ILPex\controller\TraineeScoreController.class
com\ILPex\DTO\TraineeDurationDTO.class
com\ILPex\service\Impl\CourseServiceImpl.class
com\ILPex\response\ResponseHandler.class
com\ILPex\controller\NotificationController.class
com\ILPex\service\TraineeAssessmentService.class
com\ILPex\DTO\BatchDetailsDTO.class
com\ILPex\repository\AssessmentNotificationRepository.class
com\ILPex\DTO\AssessmentDetailsDTO.class
com\ILPex\entity\UserContentAccess.class
com\ILPex\DTO\AssessmentCreationDTO.class
com\ILPex\entity\BaseEntity.class
com\ILPex\entity\AssessmentNotification.class
com\ILPex\DTO\DailyReportDTO.class
com\ILPex\service\Impl\UserContentAccessServiceImpl.class
com\ILPex\controller\TraineeController.class
com\ILPex\repository\TraineeProgressRepository.class
com\ILPex\DTO\ProgramDTO.class
com\ILPex\exceptions\ResourceNotFoundException.class
com\ILPex\service\CourseService.class
com\ILPex\service\TraineeReportStatusService.class
com\ILPex\repository\BatchRepository.class
com\ILPex\entity\Roles.class
com\ILPex\controller\TraineeAverageScrollController.class
com\ILPex\service\UserContentAccessService.class
com\ILPex\service\BatchService.class
com\ILPex\entity\Enquiries.class
com\ILPex\DTO\DailyReportRequestDTO.class
com\ILPex\service\DailyReportService.class
com\ILPex\controller\UserContentAccessController.class
com\ILPex\DTO\BatchCreationDTO.class
com\ILPex\DTO\TraineeDayProgressDTO.class
com\ILPex\service\AssessmentCreation.class
com\ILPex\controller\AssessmentController2.class
com\ILPex\DTO\CourseCountDTO.class
com\ILPex\DTO\AssessmentResponseDTO.class
com\ILPex\service\PercipioAssessmentService.class
com\ILPex\controller\ProgramController.class
com\ILPex\DTO\TraineeDisplayByBatchDTO.class
com\ILPex\repository\AssessmentsRepository.class
com\ILPex\service\AssessmentNotificationService.class
com\ILPex\DTO\TraineeDailyReportDTO.class
com\ILPex\repository\DailyReportsRepository.class
com\ILPex\service\TraineeAverageScoreService.class
com\ILPex\service\Impl\TraineeAssessmentServiceImpl.class
com\ILPex\DTO\BatchUpdateDTO.class
com\ILPex\service\Impl\TraineeReportStatusServiceImpl.class
com\ILPex\controller\BatchController.class
com\ILPex\entity\NotificationEnquiry.class
com\ILPex\repository\ProgramRepository.class
com\ILPex\DTO\DailyReportEditDTO.class
com\ILPex\service\RolesService.class
com\ILPex\repository\ResultsRepository.class
com\ILPex\DTO\CourseDurationDTO.class
com\ILPex\entity\Trainees.class
com\ILPex\DTO\QuestionsDTO.class
com\ILPex\DTO\TotalCourseDaysDTO.class
com\ILPex\service\Impl\AssessmentNotificationServiceImpl.class
com\ILPex\controller\TraineeReportStatusController.class
com\ILPex\controller\DailyReportController.class
com\ILPex\DTO\TraineeProgressDTO.class
com\ILPex\entity\AssessmentBatchAllocation.class
com\ILPex\service\Impl\ScheduledTaskServiceImpl.class
com\ILPex\entity\Batches.class
com\ILPex\controller\PercipioAssessmentController.class
com\ILPex\service\Impl\BatchServiceImpl$1.class
com\ILPex\repository\HolidayRepository.class
com\ILPex\DTO\TraineeAverageScoreDTO.class
com\ILPex\DTO\UserContentAccessDTO.class
com\ILPex\repository\CoursesRepository.class
com\ILPex\DTO\AssessmentNotificationDTO.class
com\ILPex\repository\TraineeAssessmentRepository.class
com\ILPex\entity\Courses.class
com\ILPex\service\TraineeScoreService.class
com\ILPex\controller\TraineeProgressController.class
com\ILPex\service\Impl\TraineeAverageScoreServiceImpl.class
com\ILPex\entity\Programs.class
com\ILPex\DTO\TraineeAssessmentDTO.class
com\ILPex\entity\TraineeProgress.class
com\ILPex\service\Impl\TraineeScoreServiceImpl.class
com\ILPex\service\UserService.class
com\ILPex\entity\PercipioAssessment.class
com\ILPex\service\UserAuthService.class
com\ILPex\repository\QuestionsRepository.class
com\ILPex\repository\TraineesRepository.class
com\ILPex\DTO\AssessmentResultDTO.class
com\ILPex\service\PercipioApiService.class
com\ILPex\config\WebConfig.class
com\ILPex\repository\RoleRepository.class
com\ILPex\IlPexApplication.class
com\ILPex\controller\AssessmentCreationController.class
com\ILPex\DTO\TraineeCourseCountDTO.class
com\ILPex\entity\Assessments.class
com\ILPex\DTO\BatchDTO.class
com\ILPex\service\ScheduledTaskService.class
com\ILPex\DTO\TraineeCreationDTO.class
com\ILPex\repository\UserRepository.class
com\ILPex\DTO\TraineeDTO.class
com\ILPex\DTO\UserPostDTO.class
com\ILPex\service\Impl\UserAuthServiceImpl.class
com\ILPex\repository\AssessmentBatchAllocationRepository.class
com\ILPex\DTO\TraineeCurrentDayDTO.class
com\ILPex\entity\Questions.class
com\ILPex\service\Impl\RolesServiceImpl.class
com\ILPex\service\Impl\TraineeProgressServiceImpl.class
com\ILPex\service\Impl\AssessmentCreationImpl.class
com\ILPex\entity\Holiday.class
com\ILPex\service\AssessmentsService.class
com\ILPex\service\Impl\ProgramServiceImpl.class
com\ILPex\DTO\TraineeUpdateDTO.class
com\ILPex\service\Impl\DailyReportServiceImpl.class
com\ILPex\DTO\QuestionCreationDTO.class
com\ILPex\DTO\TraineeReportStatusDTO.class
com\ILPex\service\Impl\ProfileServiceImpl.class
com\ILPex\DTO\TraineeCompletedAssessmentDTO.class
com\ILPex\service\Impl\BatchServiceImpl.class
com\ILPex\controller\ProfileController.class
com\ILPex\DTO\DailyReportDetailsDTO.class
com\ILPex\DTO\TraineeActualVsEstimatedDurationDTO.class
com\ILPex\service\Impl\CourseServiceImpl$1.class
com\ILPex\controller\TraineeAssessmentController.class
com\ILPex\DTO\ProfileDTO.class
com\ILPex\service\Impl\PercipioAssessmentServiceImpl.class
com\ILPex\DTO\TraineeLaggingPercentageDTO.class
com\ILPex\service\Impl\TraineeDurationServiceImpl.class
com\ILPex\service\TraineeProgressService.class
com\ILPex\service\Impl\TraineeServiceImpl.class
com\ILPex\service\ProgramService.class
com\ILPex\controller\CourseController.class
com\ILPex\service\Impl\AssessmentServiceImpl.class
