D:\SpringBootWorkspace\ILPex\src\main\java\com\ILPex\repository\TraineesRepository.java
D:\SpringBootWorkspace\ILPex\src\main\java\com\ILPex\entity\Roles.java
D:\SpringBootWorkspace\ILPex\src\main\java\com\ILPex\repository\DailyReportsRepository.java
D:\SpringBootWorkspace\ILPex\src\main\java\com\ILPex\controller\TraineeAverageScrollController.java
D:\SpringBootWorkspace\ILPex\src\main\java\com\ILPex\service\Impl\UserAuthServiceImpl.java
D:\SpringBootWorkspace\ILPex\src\main\java\com\ILPex\DTO\TraineeCreationDTO.java
D:\SpringBootWorkspace\ILPex\src\main\java\com\ILPex\entity\UserContentAccess.java
D:\SpringBootWorkspace\ILPex\src\main\java\com\ILPex\DTO\TraineePendingAssessmentDTO.java
D:\SpringBootWorkspace\ILPex\src\main\java\com\ILPex\entity\PercipioAssessment.java
D:\SpringBootWorkspace\ILPex\src\main\java\com\ILPex\DTO\CourseDailyReportDTO.java
D:\SpringBootWorkspace\ILPex\src\main\java\com\ILPex\DTO\UserDTO.java
D:\SpringBootWorkspace\ILPex\src\main\java\com\ILPex\DTO\UserPostDTO.java
D:\SpringBootWorkspace\ILPex\src\main\java\com\ILPex\service\Impl\ProfileServiceImpl.java
D:\SpringBootWorkspace\ILPex\src\main\java\com\ILPex\entity\Users.java
D:\SpringBootWorkspace\ILPex\src\main\java\com\ILPex\DTO\QuestionsDTO.java
D:\SpringBootWorkspace\ILPex\src\main\java\com\ILPex\DTO\CourseDurationDTO.java
D:\SpringBootWorkspace\ILPex\src\main\java\com\ILPex\controller\TraineeDurationController.java
D:\SpringBootWorkspace\ILPex\src\main\java\com\ILPex\DTO\AssessmentCreationDTO.java
D:\SpringBootWorkspace\ILPex\src\main\java\com\ILPex\service\TraineeService.java
D:\SpringBootWorkspace\ILPex\src\main\java\com\ILPex\DTO\BatchDetailsDTO.java
D:\SpringBootWorkspace\ILPex\src\main\java\com\ILPex\repository\QuestionsRepository.java
D:\SpringBootWorkspace\ILPex\src\main\java\com\ILPex\DTO\TraineeDayProgressDTO.java
D:\SpringBootWorkspace\ILPex\src\main\java\com\ILPex\exceptions\ResourceNotFoundException.java
D:\SpringBootWorkspace\ILPex\src\main\java\com\ILPex\constants\Message.java
D:\SpringBootWorkspace\ILPex\src\main\java\com\ILPex\IlPexApplication.java
D:\SpringBootWorkspace\ILPex\src\main\java\com\ILPex\DTO\TraineeReportStatusDTO.java
D:\SpringBootWorkspace\ILPex\src\main\java\com\ILPex\controller\PercipioAssessmentController.java
D:\SpringBootWorkspace\ILPex\src\main\java\com\ILPex\DTO\CourseCountDTO.java
D:\SpringBootWorkspace\ILPex\src\main\java\com\ILPex\DTO\DailyReportDTO.java
D:\SpringBootWorkspace\ILPex\src\main\java\com\ILPex\service\BatchService.java
D:\SpringBootWorkspace\ILPex\src\main\java\com\ILPex\DTO\TraineeAssessmentDTO.java
D:\SpringBootWorkspace\ILPex\src\main\java\com\ILPex\controller\UserController.java
D:\SpringBootWorkspace\ILPex\src\main\java\com\ILPex\service\ProgramService.java
D:\SpringBootWorkspace\ILPex\src\main\java\com\ILPex\DTO\AssessmentNotificationDTO.java
D:\SpringBootWorkspace\ILPex\src\main\java\com\ILPex\controller\BatchController.java
D:\SpringBootWorkspace\ILPex\src\main\java\com\ILPex\DTO\ProfileDTO.java
D:\SpringBootWorkspace\ILPex\src\main\java\com\ILPex\controller\PercipioController.java
D:\SpringBootWorkspace\ILPex\src\main\java\com\ILPex\service\ProfileService.java
D:\SpringBootWorkspace\ILPex\src\main\java\com\ILPex\service\RolesService.java
D:\SpringBootWorkspace\ILPex\src\main\java\com\ILPex\entity\NotificationsProgress.java
D:\SpringBootWorkspace\ILPex\src\main\java\com\ILPex\service\Impl\DailyReportServiceImpl.java
D:\SpringBootWorkspace\ILPex\src\main\java\com\ILPex\DTO\TraineeCompletedAssessmentDTO.java
D:\SpringBootWorkspace\ILPex\src\main\java\com\ILPex\service\CourseService.java
D:\SpringBootWorkspace\ILPex\src\main\java\com\ILPex\service\Impl\TraineeScoreServiceImpl.java
D:\SpringBootWorkspace\ILPex\src\main\java\com\ILPex\DTO\TraineeDurationDTO.java
D:\SpringBootWorkspace\ILPex\src\main\java\com\ILPex\controller\TraineeController.java
D:\SpringBootWorkspace\ILPex\src\main\java\com\ILPex\DTO\UserContentAccessDTO.java
D:\SpringBootWorkspace\ILPex\src\main\java\com\ILPex\controller\TraineeReportStatusController.java
D:\SpringBootWorkspace\ILPex\src\main\java\com\ILPex\DTO\TotalCourseDurationDTO.java
D:\SpringBootWorkspace\ILPex\src\main\java\com\ILPex\DTO\TraineeLaggingPercentageDTO.java
D:\SpringBootWorkspace\ILPex\src\main\java\com\ILPex\service\Impl\TraineeAssessmentServiceImpl.java
D:\SpringBootWorkspace\ILPex\src\main\java\com\ILPex\entity\Courses.java
D:\SpringBootWorkspace\ILPex\src\main\java\com\ILPex\repository\CoursesRepository.java
D:\SpringBootWorkspace\ILPex\src\main\java\com\ILPex\service\AssessmentNotificationService.java
D:\SpringBootWorkspace\ILPex\src\main\java\com\ILPex\service\DailyReportService.java
D:\SpringBootWorkspace\ILPex\src\main\java\com\ILPex\service\Impl\AssessmentNotificationServiceImpl.java
D:\SpringBootWorkspace\ILPex\src\main\java\com\ILPex\service\Impl\TraineeDurationServiceImpl.java
D:\SpringBootWorkspace\ILPex\src\main\java\com\ILPex\DTO\DailyReportDetailsDTO.java
D:\SpringBootWorkspace\ILPex\src\main\java\com\ILPex\entity\AssessmentBatchAllocation.java
D:\SpringBootWorkspace\ILPex\src\main\java\com\ILPex\service\TraineeScoreService.java
D:\SpringBootWorkspace\ILPex\src\main\java\com\ILPex\service\Impl\CourseServiceImpl.java
D:\SpringBootWorkspace\ILPex\src\main\java\com\ILPex\config\ApiConfig.java
D:\SpringBootWorkspace\ILPex\src\main\java\com\ILPex\controller\AssessmentController2.java
D:\SpringBootWorkspace\ILPex\src\main\java\com\ILPex\entity\BaseEntity.java
D:\SpringBootWorkspace\ILPex\src\main\java\com\ILPex\entity\Holiday.java
D:\SpringBootWorkspace\ILPex\src\main\java\com\ILPex\entity\DailyReports.java
D:\SpringBootWorkspace\ILPex\src\main\java\com\ILPex\service\TraineeDurationService.java
D:\SpringBootWorkspace\ILPex\src\main\java\com\ILPex\DTO\BatchUpdateDTO.java
D:\SpringBootWorkspace\ILPex\src\main\java\com\ILPex\DTO\QuestionCreationDTO.java
D:\SpringBootWorkspace\ILPex\src\main\java\com\ILPex\entity\Results.java
D:\SpringBootWorkspace\ILPex\src\main\java\com\ILPex\controller\DailyReportController.java
D:\SpringBootWorkspace\ILPex\src\main\java\com\ILPex\repository\PercipioAssessmentRepository.java
D:\SpringBootWorkspace\ILPex\src\main\java\com\ILPex\controller\TraineeScoreController.java
D:\SpringBootWorkspace\ILPex\src\main\java\com\ILPex\DTO\TraineeDisplayByBatchDTO.java
D:\SpringBootWorkspace\ILPex\src\main\java\com\ILPex\controller\UserContentAccessController.java
D:\SpringBootWorkspace\ILPex\src\main\java\com\ILPex\controller\TraineeProgressController.java
D:\SpringBootWorkspace\ILPex\src\main\java\com\ILPex\DTO\AssessmentResponseDTO.java
D:\SpringBootWorkspace\ILPex\src\main\java\com\ILPex\entity\Assessments.java
D:\SpringBootWorkspace\ILPex\src\main\java\com\ILPex\entity\Batches.java
D:\SpringBootWorkspace\ILPex\src\main\java\com\ILPex\controller\AssessmentCreationController.java
D:\SpringBootWorkspace\ILPex\src\main\java\com\ILPex\service\Impl\TraineeReportStatusServiceImpl.java
D:\SpringBootWorkspace\ILPex\src\main\java\com\ILPex\service\UserContentAccessService.java
D:\SpringBootWorkspace\ILPex\src\main\java\com\ILPex\config\WebConfig.java
D:\SpringBootWorkspace\ILPex\src\main\java\com\ILPex\entity\TraineeProgress.java
D:\SpringBootWorkspace\ILPex\src\main\java\com\ILPex\controller\TraineeAssessmentController.java
D:\SpringBootWorkspace\ILPex\src\main\java\com\ILPex\DTO\CourseDayBatchDTO.java
D:\SpringBootWorkspace\ILPex\src\main\java\com\ILPex\service\Impl\AssessmentServiceImpl.java
D:\SpringBootWorkspace\ILPex\src\main\java\com\ILPex\response\ResponseHandler.java
D:\SpringBootWorkspace\ILPex\src\main\java\com\ILPex\DTO\AssessmentDetailsDTO.java
D:\SpringBootWorkspace\ILPex\src\main\java\com\ILPex\DTO\PendingSubmissionDTO.java
D:\SpringBootWorkspace\ILPex\src\main\java\com\ILPex\service\AssessmentService.java
D:\SpringBootWorkspace\ILPex\src\main\java\com\ILPex\service\Impl\PercipioAssessmentServiceImpl.java
D:\SpringBootWorkspace\ILPex\src\main\java\com\ILPex\repository\TraineeProgressRepository.java
D:\SpringBootWorkspace\ILPex\src\main\java\com\ILPex\DTO\TraineeDTO.java
D:\SpringBootWorkspace\ILPex\src\main\java\com\ILPex\service\TraineeReportStatusService.java
D:\SpringBootWorkspace\ILPex\src\main\java\com\ILPex\DTO\DailyReportRequestDTO.java
D:\SpringBootWorkspace\ILPex\src\main\java\com\ILPex\service\Impl\PercipioApiServiceImpl.java
D:\SpringBootWorkspace\ILPex\src\main\java\com\ILPex\DTO\AssessmentResultDTO.java
D:\SpringBootWorkspace\ILPex\src\main\java\com\ILPex\entity\Programs.java
D:\SpringBootWorkspace\ILPex\src\main\java\com\ILPex\service\Impl\TraineeProgressServiceImpl.java
D:\SpringBootWorkspace\ILPex\src\main\java\com\ILPex\DTO\TraineeProgressDTO.java
D:\SpringBootWorkspace\ILPex\src\main\java\com\ILPex\DTO\TotalCourseDaysDTO.java
D:\SpringBootWorkspace\ILPex\src\main\java\com\ILPex\service\AssessmentsService.java
D:\SpringBootWorkspace\ILPex\src\main\java\com\ILPex\entity\NotificationEnquiry.java
D:\SpringBootWorkspace\ILPex\src\main\java\com\ILPex\controller\AssessmentController1.java
D:\SpringBootWorkspace\ILPex\src\main\java\com\ILPex\DTO\TraineeAverageScoreDTO.java
D:\SpringBootWorkspace\ILPex\src\main\java\com\ILPex\controller\CourseController.java
D:\SpringBootWorkspace\ILPex\src\main\java\com\ILPex\entity\Trainees.java
D:\SpringBootWorkspace\ILPex\src\main\java\com\ILPex\service\PercipioApiService.java
D:\SpringBootWorkspace\ILPex\src\main\java\com\ILPex\repository\BatchRepository.java
D:\SpringBootWorkspace\ILPex\src\main\java\com\ILPex\service\TraineeProgressService.java
D:\SpringBootWorkspace\ILPex\src\main\java\com\ILPex\repository\AssessmentBatchAllocationRepository.java
D:\SpringBootWorkspace\ILPex\src\main\java\com\ILPex\DTO\TraineeCourseCountDTO.java
D:\SpringBootWorkspace\ILPex\src\main\java\com\ILPex\DTO\TraineeDailyReportDTO.java
D:\SpringBootWorkspace\ILPex\src\main\java\com\ILPex\service\AssessmentCreation.java
D:\SpringBootWorkspace\ILPex\src\main\java\com\ILPex\repository\AssessmentsRepository.java
D:\SpringBootWorkspace\ILPex\src\main\java\com\ILPex\DTO\TraineeActualVsEstimatedDurationDTO.java
D:\SpringBootWorkspace\ILPex\src\main\java\com\ILPex\repository\TraineeAssessmentRepository.java
D:\SpringBootWorkspace\ILPex\src\main\java\com\ILPex\DTO\TraineeUpdateDTO.java
D:\SpringBootWorkspace\ILPex\src\main\java\com\ILPex\repository\UserRepository.java
D:\SpringBootWorkspace\ILPex\src\main\java\com\ILPex\entity\AssessmentNotification.java
D:\SpringBootWorkspace\ILPex\src\main\java\com\ILPex\entity\Enquiries.java
D:\SpringBootWorkspace\ILPex\src\main\java\com\ILPex\service\Impl\ProgramServiceImpl.java
D:\SpringBootWorkspace\ILPex\src\main\java\com\ILPex\service\ScheduledTaskService.java
D:\SpringBootWorkspace\ILPex\src\main\java\com\ILPex\controller\ProgramController.java
D:\SpringBootWorkspace\ILPex\src\main\java\com\ILPex\DTO\CourseProgressDTO.java
D:\SpringBootWorkspace\ILPex\src\main\java\com\ILPex\DTO\TraineeAssessmentDisplayDTO.java
D:\SpringBootWorkspace\ILPex\src\main\java\com\ILPex\service\UserService.java
D:\SpringBootWorkspace\ILPex\src\main\java\com\ILPex\DTO\DailyReportEditDTO.java
D:\SpringBootWorkspace\ILPex\src\main\java\com\ILPex\DTO\DayNumberWithDateDTO.java
D:\SpringBootWorkspace\ILPex\src\main\java\com\ILPex\service\Impl\ScheduledTaskServiceImpl.java
D:\SpringBootWorkspace\ILPex\src\main\java\com\ILPex\controller\NotificationController.java
D:\SpringBootWorkspace\ILPex\src\main\java\com\ILPex\service\Impl\UserContentAccessServiceImpl.java
D:\SpringBootWorkspace\ILPex\src\main\java\com\ILPex\service\Impl\UserServiceImpl.java
D:\SpringBootWorkspace\ILPex\src\main\java\com\ILPex\repository\ResultsRepository.java
D:\SpringBootWorkspace\ILPex\src\main\java\com\ILPex\service\Impl\AssessmentCreationImpl.java
D:\SpringBootWorkspace\ILPex\src\main\java\com\ILPex\repository\AssessmentNotificationRepository.java
D:\SpringBootWorkspace\ILPex\src\main\java\com\ILPex\service\PercipioAssessmentService.java
D:\SpringBootWorkspace\ILPex\src\main\java\com\ILPex\entity\Questions.java
D:\SpringBootWorkspace\ILPex\src\main\java\com\ILPex\repository\UserContentAccessRepository.java
D:\SpringBootWorkspace\ILPex\src\main\java\com\ILPex\service\Impl\AssessmentsServiceImpl.java
D:\SpringBootWorkspace\ILPex\src\main\java\com\ILPex\service\Impl\BatchServiceImpl.java
D:\SpringBootWorkspace\ILPex\src\main\java\com\ILPex\DTO\TraineeCourseDurationDTO.java
D:\SpringBootWorkspace\ILPex\src\main\java\com\ILPex\DTO\TraineeCurrentDayDTO.java
D:\SpringBootWorkspace\ILPex\src\main\java\com\ILPex\service\Impl\TraineeAverageScoreServiceImpl.java
D:\SpringBootWorkspace\ILPex\src\main\java\com\ILPex\service\TraineeAssessmentService.java
D:\SpringBootWorkspace\ILPex\src\main\java\com\ILPex\DTO\BatchCreationDTO.java
D:\SpringBootWorkspace\ILPex\src\main\java\com\ILPex\repository\RoleRepository.java
D:\SpringBootWorkspace\ILPex\src\main\java\com\ILPex\DTO\BatchDTO.java
D:\SpringBootWorkspace\ILPex\src\main\java\com\ILPex\controller\ProfileController.java
D:\SpringBootWorkspace\ILPex\src\main\java\com\ILPex\service\UserAuthService.java
D:\SpringBootWorkspace\ILPex\src\main\java\com\ILPex\service\TraineeAverageScoreService.java
D:\SpringBootWorkspace\ILPex\src\main\java\com\ILPex\config\SecurityConfig.java
D:\SpringBootWorkspace\ILPex\src\main\java\com\ILPex\service\Impl\TraineeServiceImpl.java
D:\SpringBootWorkspace\ILPex\src\main\java\com\ILPex\DTO\ProgramDTO.java
D:\SpringBootWorkspace\ILPex\src\main\java\com\ILPex\repository\HolidayRepository.java
D:\SpringBootWorkspace\ILPex\src\main\java\com\ILPex\repository\ProgramRepository.java
D:\SpringBootWorkspace\ILPex\src\main\java\com\ILPex\service\Impl\RolesServiceImpl.java
