D:\SpringBootWorkspace\ILPex\src\test\java\com\ILPex\controller\TraineeProgressControllerTest.java
D:\SpringBootWorkspace\ILPex\src\test\java\com\ILPex\service\AssessmentNotificationServiceTest.java
D:\SpringBootWorkspace\ILPex\src\test\java\com\ILPex\service\BatchServiceTest.java
D:\SpringBootWorkspace\ILPex\src\test\java\com\ILPex\controller\PercipioAssessmentControllerTest.java
D:\SpringBootWorkspace\ILPex\src\test\java\com\ILPex\controller\UserControllerTest.java
D:\SpringBootWorkspace\ILPex\src\test\java\com\ILPex\service\TraineeDurationServiceTest.java
D:\SpringBootWorkspace\ILPex\src\test\java\com\ILPex\controller\BatchControllerTest.java
D:\SpringBootWorkspace\ILPex\src\test\java\com\ILPex\IlPexApplicationTests.java
D:\SpringBootWorkspace\ILPex\src\test\java\com\ILPex\service\TraineeAssessmentServiceTest.java
D:\SpringBootWorkspace\ILPex\src\test\java\com\ILPex\service\DailyReportServiceTest.java
D:\SpringBootWorkspace\ILPex\src\test\java\com\ILPex\service\UserServiceTest.java
